[
    {
        "summary": "Betws-y-Coed (Caravan Holiday)",
        "description": "Betws-y-Coed (Caravan Holiday)"
    }
]
