[
    {
        "start": "2020-09-14T02:00:00-04:00",
        "summary": "summary1"
    },
    {
        "start": "2020-09-21T02:00:00-04:00",
        "summary": "summary1"
    },
    {
        "start": "2020-09-28T02:00:00-04:00",
        "summary": "summary1"
    },
    {
        "start": "2020-09-14T21:55:00-04:00",
        "summary": "summary2"
    },
    {
        "start": "2020-09-21T21:55:00-04:00",
        "summary": "summary2"
    },
    {
        "start": "2020-09-28T21:55:00-04:00",
        "summary": "summary2"
    },
    {
        "start": "2020-09-20T20:00:00-04:00",
        "summary": "summary3"
    },
    {
        "start": "2020-09-27T20:00:00-04:00",
        "summary": "summary3"
    },
    {
        "start": "2020-09-14T20:00:00-04:00",
        "summary": "summary4"
    },
    {
        "start": "2020-09-21T20:00:00-04:00",
        "summary": "summary4"
    },
    {
        "start": "2020-09-28T20:00:00-04:00",
        "summary": "summary4"
    },
    {
        "start": "2020-09-15T20:00:00-04:00",
        "summary": "summary6"
    },
    {
        "start": "2020-09-22T20:00:00-04:00",
        "summary": "summary6"
    },
    {
        "start": "2020-09-29T20:00:00-04:00",
        "summary": "summary6"
    },
    {
        "start": "2020-09-20T21:55:00-04:00",
        "summary": "summary8"
    },
    {
        "start": "2020-09-27T21:55:00-04:00",
        "summary": "summary8"
    },
    {
        "start": "2020-09-15T21:55:00-04:00",
        "summary": "summary9"
    },
    {
        "start": "2020-09-22T21:55:00-04:00",
        "summary": "summary9"
    },
    {
        "start": "2020-09-29T21:55:00-04:00",
        "summary": "summary9"
    },
    {
        "start": "2020-09-16T02:00:00-04:00",
        "summary": "summary10"
    },
    {
        "start": "2020-09-23T02:00:00-04:00",
        "summary": "summary10"
    },
    {
        "start": "2020-09-16T21:55:00-04:00",
        "summary": "summary12"
    },
    {
        "start": "2020-09-23T21:55:00-04:00",
        "summary": "summary12"
    },
    {
        "start": "2020-09-16T20:00:00-04:00",
        "summary": "summary13"
    },
    {
        "start": "2020-09-23T20:00:00-04:00",
        "summary": "summary13"
    }
]
