[
    {
        "start": "2021-09-16T21:00:00+02:00",
        "end": "2021-09-16T22:45:00+02:00"
    }
]

