[
    {
        "start": "2021-09-16T21:00:00-04:00",
        "end": "2021-09-16T22:45:00-04:00"
    }
]

